../Src/main.c:130:5:main	168	static
../Src/main.c:194:6:SetSystemClockto16MHz	24	static
../Src/main.c:228:6:ConfigureTimer3	32	static
../Src/main.c:258:6:RandomSeedLoader	16	static
../Src/main.c:266:6:Delay	32	static
../Src/main.c:287:6:SPI1ClockEnable	16	static
../Src/main.c:294:6:GPIOAClockEnable	16	static
../Src/main.c:301:6:GPIOCClockEnable	16	static
../Src/main.c:308:6:SPI1Init	16	static
../Src/main.c:342:6:SPI1WriteToDR	24	static
../Src/main.c:349:6:WaitForTransmissionEnd	16	static
../Src/main.c:357:6:EnableSlave	16	static
../Src/main.c:364:6:DisableSlave	16	static
../Src/main.c:371:6:SPI1_Transmit	16	static
../Src/main.c:379:6:SPI1PinsInit	24	static
../Src/main.c:406:6:max7219_write	24	static
../Src/main.c:412:6:matrixClear	16	static
../Src/main.c:420:6:matrixInit	8	static
../Src/main.c:431:9:intToHexPosition	16	static
../Src/main.c:464:6:positionToMatrixPos	32	static
../Src/main.c:475:6:LEDMatrixWrite	24	static
../Src/main.c:485:6:LEDMatrixRowWrite	24	static
../Src/main.c:492:6:LEDMatrixColumnWrite	32	static
../Src/main.c:507:6:ResetButtonInit	32	static
../Src/main.c:532:6:MovementButtonsInit	40	static
../Src/main.c:572:6:NVIC_EnableIRQ	24	static
../Src/main.c:583:6:EXTI0_IRQHandler	16	static
../Src/main.c:596:6:EXTI1_IRQHandler	16	static
../Src/main.c:609:6:EXTI2_IRQHandler	16	static
../Src/main.c:622:6:EXTI3_IRQHandler	16	static
../Src/main.c:635:6:EXTI15_10_IRQHandler	16	static
../Src/main.c:645:6:DisplaySnake	16	static
../Src/main.c:650:6:SnakeInit	24	static
../Src/main.c:670:6:playLoseScreen	136	static
../Src/main.c:729:6:SnakeDead	4	static
../Src/main.c:734:6:SnakeCheckAfterMove	24	static
../Src/main.c:760:6:ClearOutputArray	24	static
../Src/main.c:768:6:SnakeGrow	16	static
../Src/main.c:773:6:AppleInit	16	static
../Src/main.c:779:6:DisplayApple	16	static
../Src/main.c:784:6:CheckIfAppleCollected	16	static
../Src/main.c:796:6:ReplaceApple	144	dynamic
../Src/main.c:839:6:DisplayGame	16	static
../Src/main.c:847:6:ResetGame	16	static
../Src/main.c:859:6:MoveSnake	32	static
