../Src/main.c:105:5:main	288	static
../Src/main.c:160:6:SetSystemClockto16MHz	24	static
../Src/main.c:194:6:ConfigureTimer3	32	static
../Src/main.c:224:6:Delay	32	static
../Src/main.c:242:6:SPI1ClockEnable	16	static
../Src/main.c:249:6:GPIOAClockEnable	16	static
../Src/main.c:256:6:GPIOCClockEnable	16	static
../Src/main.c:263:6:SPI1Init	16	static
../Src/main.c:297:6:SPI1WriteToDR	24	static
../Src/main.c:304:6:WaitForTransmissionEnd	16	static
../Src/main.c:312:6:EnableSlave	16	static
../Src/main.c:319:6:DisableSlave	16	static
../Src/main.c:326:6:SPI1_Transmit	16	static
../Src/main.c:334:6:SPI1PinsInit	24	static
../Src/main.c:361:6:max7219_write	24	static
../Src/main.c:367:6:matrixClear	16	static
../Src/main.c:375:6:matrixInit	8	static
../Src/main.c:386:9:intToHexPosition	16	static
../Src/main.c:419:6:positionToMatrixPos	32	static
../Src/main.c:430:6:LEDMatrixWrite	24	static
../Src/main.c:440:6:LEDMatrixRowWrite	24	static
../Src/main.c:447:6:LEDMatrixColumnWrite	32	static
../Src/main.c:462:6:MovementButtonsInit	40	static
../Src/main.c:502:6:NVIC_EnableIRQ	24	static
../Src/main.c:513:6:EXTI0_IRQHandler	16	static
../Src/main.c:523:6:EXTI1_IRQHandler	16	static
../Src/main.c:533:6:EXTI2_IRQHandler	16	static
../Src/main.c:543:6:EXTI3_IRQHandler	16	static
../Src/main.c:553:6:DisplaySnake	8	static
../Src/main.c:559:6:SnakeInit	24	static
../Src/main.c:577:6:MoveSnake	32	static
../Src/main.c:608:6:playLoseScreen	136	static
../Src/main.c:654:6:SnakeDead	4	static
