../Src/main.c:107:5:main	288	static
../Src/main.c:161:6:SetSystemClockto16MHz	24	static
../Src/main.c:195:6:ConfigureTimer3	32	static
../Src/main.c:225:6:Delay	32	static
../Src/main.c:243:6:SPI1ClockEnable	16	static
../Src/main.c:250:6:GPIOAClockEnable	16	static
../Src/main.c:257:6:GPIOCClockEnable	16	static
../Src/main.c:264:6:SPI1Init	16	static
../Src/main.c:298:6:SPI1WriteToDR	24	static
../Src/main.c:305:6:WaitForTransmissionEnd	16	static
../Src/main.c:313:6:EnableSlave	16	static
../Src/main.c:320:6:DisableSlave	16	static
../Src/main.c:327:6:SPI1_Transmit	16	static
../Src/main.c:335:6:SPI1PinsInit	24	static
../Src/main.c:362:6:max7219_write	24	static
../Src/main.c:368:6:matrixClear	16	static
../Src/main.c:376:6:matrixInit	8	static
../Src/main.c:387:9:intToHexPosition	16	static
../Src/main.c:420:6:positionToMatrixPos	32	static
../Src/main.c:431:6:LEDMatrixWrite	24	static
../Src/main.c:441:6:LEDMatrixRowWrite	24	static
../Src/main.c:448:6:LEDMatrixColumnWrite	32	static
../Src/main.c:463:6:MovementButtonsInit	40	static
../Src/main.c:503:6:NVIC_EnableIRQ	24	static
../Src/main.c:514:6:EXTI0_IRQHandler	16	static
../Src/main.c:527:6:EXTI1_IRQHandler	16	static
../Src/main.c:540:6:EXTI2_IRQHandler	16	static
../Src/main.c:553:6:EXTI3_IRQHandler	16	static
../Src/main.c:566:6:DisplaySnake	8	static
../Src/main.c:572:6:SnakeInit	24	static
../Src/main.c:592:6:MoveSnake	32	static
../Src/main.c:624:6:playLoseScreen	136	static
../Src/main.c:672:6:SnakeDead	4	static
../Src/main.c:677:6:SnakeCheckAfterMove	24	static
