../Src/main.c:86:5:main	72	static
../Src/main.c:136:6:SetSystemClockto16MHz	24	static
../Src/main.c:170:6:ConfigureTimer3	32	static
../Src/main.c:200:6:Delay	32	static
../Src/main.c:218:6:SPI1ClockEnable	16	static
../Src/main.c:225:6:GPIOAClockEnable	16	static
../Src/main.c:232:6:GPIOCClockEnable	16	static
../Src/main.c:239:6:SPI1Init	16	static
../Src/main.c:273:6:SPI1WriteToDR	24	static
../Src/main.c:280:6:WaitForTransmissionEnd	16	static
../Src/main.c:288:6:EnableSlave	16	static
../Src/main.c:295:6:DisableSlave	16	static
../Src/main.c:302:6:SPI1_Transmit	16	static
../Src/main.c:310:6:SPI1PinsInit	24	static
../Src/main.c:337:6:max7219_write	24	static
../Src/main.c:343:6:matrixClear	16	static
../Src/main.c:351:6:matrixInit	8	static
../Src/main.c:362:9:intToHexPosition	16	static
../Src/main.c:395:6:positionToMatrixPos	32	static
../Src/main.c:406:6:LEDMatrixWrite	24	static
../Src/main.c:416:6:LEDMatrixRowWrite	24	static
../Src/main.c:423:6:LEDMatrixColumnWrite	32	static
../Src/main.c:438:6:MovementButtonsInit	40	static
../Src/main.c:478:6:NVIC_EnableIRQ	24	static
../Src/main.c:489:6:EXTI0_IRQHandler	16	static
