../Src/main.c:126:5:main	168	static
../Src/main.c:186:6:SetSystemClockto16MHz	24	static
../Src/main.c:220:6:ConfigureTimer3	32	static
../Src/main.c:250:6:Delay	32	static
../Src/main.c:268:6:SPI1ClockEnable	16	static
../Src/main.c:275:6:GPIOAClockEnable	16	static
../Src/main.c:282:6:GPIOCClockEnable	16	static
../Src/main.c:289:6:SPI1Init	16	static
../Src/main.c:323:6:SPI1WriteToDR	24	static
../Src/main.c:330:6:WaitForTransmissionEnd	16	static
../Src/main.c:338:6:EnableSlave	16	static
../Src/main.c:345:6:DisableSlave	16	static
../Src/main.c:352:6:SPI1_Transmit	16	static
../Src/main.c:360:6:SPI1PinsInit	24	static
../Src/main.c:387:6:max7219_write	24	static
../Src/main.c:393:6:matrixClear	16	static
../Src/main.c:401:6:matrixInit	8	static
../Src/main.c:412:9:intToHexPosition	16	static
../Src/main.c:445:6:positionToMatrixPos	32	static
../Src/main.c:456:6:LEDMatrixWrite	24	static
../Src/main.c:466:6:LEDMatrixRowWrite	24	static
../Src/main.c:473:6:LEDMatrixColumnWrite	32	static
../Src/main.c:488:6:MovementButtonsInit	40	static
../Src/main.c:528:6:NVIC_EnableIRQ	24	static
../Src/main.c:539:6:EXTI0_IRQHandler	16	static
../Src/main.c:552:6:EXTI1_IRQHandler	16	static
../Src/main.c:565:6:EXTI2_IRQHandler	16	static
../Src/main.c:578:6:EXTI3_IRQHandler	16	static
../Src/main.c:591:6:DisplaySnake	16	static
../Src/main.c:596:6:SnakeInit	24	static
../Src/main.c:616:6:playLoseScreen	136	static
../Src/main.c:664:6:SnakeDead	4	static
../Src/main.c:669:6:SnakeCheckAfterMove	24	static
../Src/main.c:695:6:ClearOutputArray	24	static
../Src/main.c:703:6:SnakeGrow	16	static
../Src/main.c:708:6:AppleInit	16	static
../Src/main.c:714:6:DisplayApple	16	static
../Src/main.c:719:6:CheckIfAppleCollected	16	static
../Src/main.c:731:6:ReplaceApple	144	dynamic
../Src/main.c:774:6:DisplayGame	16	static
../Src/main.c:782:6:MoveSnake	32	static
