../Src/main.c:118:5:main	168	static
../Src/main.c:174:6:SetSystemClockto16MHz	24	static
../Src/main.c:208:6:ConfigureTimer3	32	static
../Src/main.c:238:6:Delay	32	static
../Src/main.c:256:6:SPI1ClockEnable	16	static
../Src/main.c:263:6:GPIOAClockEnable	16	static
../Src/main.c:270:6:GPIOCClockEnable	16	static
../Src/main.c:277:6:SPI1Init	16	static
../Src/main.c:311:6:SPI1WriteToDR	24	static
../Src/main.c:318:6:WaitForTransmissionEnd	16	static
../Src/main.c:326:6:EnableSlave	16	static
../Src/main.c:333:6:DisableSlave	16	static
../Src/main.c:340:6:SPI1_Transmit	16	static
../Src/main.c:348:6:SPI1PinsInit	24	static
../Src/main.c:375:6:max7219_write	24	static
../Src/main.c:381:6:matrixClear	16	static
../Src/main.c:389:6:matrixInit	8	static
../Src/main.c:400:9:intToHexPosition	16	static
../Src/main.c:433:6:positionToMatrixPos	32	static
../Src/main.c:444:6:LEDMatrixWrite	24	static
../Src/main.c:454:6:LEDMatrixRowWrite	24	static
../Src/main.c:461:6:LEDMatrixColumnWrite	32	static
../Src/main.c:476:6:MovementButtonsInit	40	static
../Src/main.c:516:6:NVIC_EnableIRQ	24	static
../Src/main.c:527:6:EXTI0_IRQHandler	16	static
../Src/main.c:540:6:EXTI1_IRQHandler	16	static
../Src/main.c:553:6:EXTI2_IRQHandler	16	static
../Src/main.c:566:6:EXTI3_IRQHandler	16	static
../Src/main.c:579:6:DisplaySnake	16	static
../Src/main.c:584:6:SnakeInit	24	static
../Src/main.c:604:6:MoveSnake	32	static
../Src/main.c:639:6:playLoseScreen	136	static
../Src/main.c:687:6:SnakeDead	4	static
../Src/main.c:692:6:SnakeCheckAfterMove	24	static
../Src/main.c:718:6:ClearOutputArray	24	static
../Src/main.c:726:6:AppleInit	16	static
../Src/main.c:732:6:DisplayApple	16	static
../Src/main.c:737:6:DisplayGame	16	static
